---
source: crates/tugtool-python/tests/binding_snapshots.rs
assertion_line: 49
expression: bindings
---
- name: x
  kind: Variable
  scope_path:
    - "<module>"
  span_start: 19
  span_end: 20
- name: y
  kind: Variable
  scope_path:
    - "<module>"
  span_start: 24
  span_end: 25
- name: line
  kind: Variable
  scope_path:
    - "<module>"
  span_start: 40
  span_end: 44
- name: results
  kind: Variable
  scope_path:
    - "<module>"
  span_start: 67
  span_end: 74
- name: y
  kind: Variable
  scope_path:
    - "<module>"
  span_start: 103
  span_end: 104
